// Jest Snapshot v1, https://goo.gl/fbAQLP

exports[`StartScreen Rendering should match to snapshot 1`] = `
<View
  style={
    Object {
      "alignItems": "center",
      "width": "100%",
    }
  }
>
  <Image
    source={
      Object {
        "testUri": "../../../assets/ate-ball-home.png",
      }
    }
    style={
      Object {
        "resizeMode": "contain",
        "width": 350,
      }
    }
  />
  <View
    style={
      Object {
        "width": "80%",
      }
    }
  >
    <Button
      onPress={[Function]}
      title="Get Shakin'"
    />
  </View>
</View>
`;
